2026-09-20 00:23:41.376 [info] Reading sessions from keychain...
2026-09-20 00:23:41.376 [info] Getting sessions for all scopes...
2026-09-20 00:23:41.376 [info] Got 0 sessions for all scopes...
2026-09-20 00:23:41.376 [info] Getting sessions for all scopes...
2026-09-20 00:23:41.376 [info] Got 0 sessions for all scopes...
2026-09-20 00:23:41.376 [info] Getting sessions for all scopes...
2026-09-20 00:23:41.376 [info] Got 0 sessions for all scopes...
2026-09-20 00:23:41.376 [info] Getting sessions for all scopes...
2026-09-20 00:23:41.376 [info] Got 0 sessions for all scopes...
2026-09-20 00:23:41.404 [info] Getting sessions for all scopes...
2026-09-20 00:23:41.404 [info] Got 0 sessions for all scopes...
2026-09-20 00:23:41.658 [info] Getting sessions for all scopes...
2026-09-20 00:23:41.658 [info] Got 0 sessions for all scopes...
2026-09-20 00:23:43.016 [info] Getting sessions for read:user,user:email...
2026-09-20 00:23:43.017 [info] Got 0 sessions for read:user,user:email...
2026-09-20 00:23:43.031 [info] Getting sessions for all scopes...
2026-09-20 00:23:43.032 [info] Got 0 sessions for all scopes...
2026-09-20 00:23:43.055 [info] Getting sessions for repo...
2026-09-20 00:23:43.057 [info] Got 0 sessions for repo...
2026-09-20 00:23:43.058 [info] Getting sessions for all scopes...
2026-09-20 00:23:43.059 [info] Got 0 sessions for all scopes...
2026-09-20 00:23:43.064 [info] Getting sessions for read:user,user:email...
2026-09-20 00:23:43.064 [info] Got 0 sessions for read:user,user:email...
2026-09-20 00:23:43.065 [info] Getting sessions for all scopes...
2026-09-20 00:23:43.065 [info] Got 0 sessions for all scopes...
2026-09-20 00:23:43.067 [info] Getting sessions for repo...
2026-09-20 00:23:43.067 [info] Got 0 sessions for repo...
2026-09-20 00:23:43.070 [info] Getting sessions for all scopes...
2026-09-20 00:23:43.070 [info] Got 0 sessions for all scopes...
2026-09-20 00:23:45.920 [info] Getting sessions for all scopes...
2026-09-20 00:23:45.920 [info] Got 0 sessions for all scopes...
2026-09-20 00:43:31.670 [info] Getting sessions for read:user,user:email...
2026-09-20 00:43:31.670 [info] Got 0 sessions for read:user,user:email...
2026-09-20 00:43:31.872 [info] Getting sessions for all scopes...
2026-09-20 00:43:31.872 [info] Got 0 sessions for all scopes...
2026-09-20 00:43:32.082 [info] Getting sessions for repo...
2026-09-20 00:43:32.082 [info] Got 0 sessions for repo...
2026-09-20 00:43:32.158 [info] Getting sessions for all scopes...
2026-09-20 00:43:32.158 [info] Got 0 sessions for all scopes...
2026-09-20 00:43:32.518 [info] Getting sessions for read:user,user:email...
2026-09-20 00:43:32.518 [info] Got 0 sessions for read:user,user:email...
2026-09-20 00:43:32.525 [info] Getting sessions for all scopes...
2026-09-20 00:43:32.525 [info] Got 0 sessions for all scopes...
2026-09-20 00:43:32.533 [info] Getting sessions for repo...
2026-09-20 00:43:32.533 [info] Got 0 sessions for repo...
2026-09-20 00:43:32.545 [info] Getting sessions for all scopes...
2026-09-20 00:43:32.546 [info] Got 0 sessions for all scopes...
2026-09-20 00:44:09.988 [info] Getting sessions for read:user,repo,user:email,workflow...
2026-09-20 00:44:09.988 [info] Got 0 sessions for read:user,repo,user:email,workflow...
2026-09-20 00:44:09.991 [info] Getting sessions for read:user,repo,user:email...
2026-09-20 00:44:09.991 [info] Got 0 sessions for read:user,repo,user:email...
2026-09-20 00:44:09.994 [info] Getting sessions for project,read:org,read:user,repo,user:email,workflow...
2026-09-20 00:44:09.994 [info] Got 0 sessions for project,read:org,read:user,repo,user:email,workflow...
2026-09-20 00:44:09.997 [info] Getting sessions for read:user,repo,user:email,workflow...
2026-09-20 00:44:09.997 [info] Got 0 sessions for read:user,repo,user:email,workflow...
