2026-09-19 23:00:11.974 [info] Reading sessions from keychain...
2026-09-19 23:00:11.974 [info] Getting sessions for all scopes...
2026-09-19 23:00:11.974 [info] Got 0 sessions for all scopes...
2026-09-19 23:00:11.974 [info] Getting sessions for all scopes...
2026-09-19 23:00:11.974 [info] Got 0 sessions for all scopes...
2026-09-19 23:00:11.974 [info] Getting sessions for all scopes...
2026-09-19 23:00:11.974 [info] Got 0 sessions for all scopes...
2026-09-19 23:00:11.974 [info] Getting sessions for all scopes...
2026-09-19 23:00:11.974 [info] Got 0 sessions for all scopes...
2026-09-19 23:00:11.974 [info] Getting sessions for all scopes...
2026-09-19 23:00:11.974 [info] Got 0 sessions for all scopes...
2026-09-19 23:00:11.974 [info] Getting sessions for all scopes...
2026-09-19 23:00:11.974 [info] Got 0 sessions for all scopes...
2026-09-19 23:00:12.070 [info] Getting sessions for all scopes...
2026-09-19 23:00:12.070 [info] Got 0 sessions for all scopes...
2026-09-19 23:00:12.421 [info] Getting sessions for read:user,user:email...
2026-09-19 23:00:12.421 [info] Got 0 sessions for read:user,user:email...
2026-09-19 23:00:12.476 [info] Getting sessions for all scopes...
2026-09-19 23:00:12.476 [info] Got 0 sessions for all scopes...
2026-09-19 23:00:12.533 [info] Getting sessions for repo...
2026-09-19 23:00:12.533 [info] Got 0 sessions for repo...
2026-09-19 23:00:12.557 [info] Getting sessions for all scopes...
2026-09-19 23:00:12.557 [info] Got 0 sessions for all scopes...
2026-09-19 23:00:12.575 [info] Getting sessions for read:user,user:email...
2026-09-19 23:00:12.575 [info] Got 0 sessions for read:user,user:email...
2026-09-19 23:00:12.588 [info] Getting sessions for read:user,user:email...
2026-09-19 23:00:12.588 [info] Got 0 sessions for read:user,user:email...
2026-09-19 23:00:12.588 [info] Getting sessions for read:user,user:email...
2026-09-19 23:00:12.588 [info] Got 0 sessions for read:user,user:email...
2026-09-19 23:00:12.590 [info] Getting sessions for read:user,user:email...
2026-09-19 23:00:12.590 [info] Got 0 sessions for read:user,user:email...
2026-09-19 23:00:12.591 [info] Getting sessions for read:user,user:email...
2026-09-19 23:00:12.591 [info] Got 0 sessions for read:user,user:email...
2026-09-19 23:00:12.593 [info] Getting sessions for read:user,user:email...
2026-09-19 23:00:12.593 [info] Got 0 sessions for read:user,user:email...
2026-09-19 23:00:12.594 [info] Getting sessions for read:user,user:email...
2026-09-19 23:00:12.594 [info] Got 0 sessions for read:user,user:email...
2026-09-19 23:00:12.595 [info] Getting sessions for read:user,user:email...
2026-09-19 23:00:12.596 [info] Got 0 sessions for read:user,user:email...
2026-09-19 23:00:12.596 [info] Getting sessions for read:user,user:email...
2026-09-19 23:00:12.596 [info] Got 0 sessions for read:user,user:email...
2026-09-19 23:00:12.597 [info] Getting sessions for read:user,user:email...
2026-09-19 23:00:12.597 [info] Got 0 sessions for read:user,user:email...
2026-09-19 23:00:12.598 [info] Getting sessions for all scopes...
2026-09-19 23:00:12.598 [info] Got 0 sessions for all scopes...
2026-09-19 23:00:12.644 [info] Getting sessions for read:user,user:email...
2026-09-19 23:00:12.644 [info] Got 0 sessions for read:user,user:email...
2026-09-19 23:00:12.649 [info] Getting sessions for read:user,user:email...
2026-09-19 23:00:12.649 [info] Got 0 sessions for read:user,user:email...
2026-09-19 23:00:12.650 [info] Getting sessions for read:user,user:email...
2026-09-19 23:00:12.650 [info] Got 0 sessions for read:user,user:email...
2026-09-19 23:00:12.651 [info] Getting sessions for read:user,user:email...
2026-09-19 23:00:12.651 [info] Got 0 sessions for read:user,user:email...
2026-09-19 23:00:12.652 [info] Getting sessions for read:user,user:email...
2026-09-19 23:00:12.652 [info] Got 0 sessions for read:user,user:email...
2026-09-19 23:00:12.652 [info] Getting sessions for read:user,user:email...
2026-09-19 23:00:12.652 [info] Got 0 sessions for read:user,user:email...
2026-09-19 23:00:12.653 [info] Getting sessions for all scopes...
2026-09-19 23:00:12.653 [info] Got 0 sessions for all scopes...
2026-09-19 23:00:12.654 [info] Getting sessions for all scopes...
2026-09-19 23:00:12.654 [info] Got 0 sessions for all scopes...
2026-09-19 23:00:12.654 [info] Getting sessions for all scopes...
2026-09-19 23:00:12.654 [info] Got 0 sessions for all scopes...
2026-09-19 23:00:12.656 [info] Getting sessions for all scopes...
2026-09-19 23:00:12.656 [info] Got 0 sessions for all scopes...
2026-09-19 23:00:12.656 [info] Getting sessions for all scopes...
2026-09-19 23:00:12.656 [info] Got 0 sessions for all scopes...
2026-09-19 23:00:12.657 [info] Getting sessions for all scopes...
2026-09-19 23:00:12.657 [info] Got 0 sessions for all scopes...
2026-09-19 23:00:12.658 [info] Getting sessions for all scopes...
2026-09-19 23:00:12.659 [info] Got 0 sessions for all scopes...
2026-09-19 23:00:12.693 [info] Getting sessions for all scopes...
2026-09-19 23:00:12.693 [info] Got 0 sessions for all scopes...
2026-09-19 23:00:12.699 [info] Getting sessions for all scopes...
2026-09-19 23:00:12.699 [info] Got 0 sessions for all scopes...
2026-09-19 23:00:12.702 [info] Getting sessions for repo...
2026-09-19 23:00:12.702 [info] Got 0 sessions for repo...
2026-09-19 23:00:12.704 [info] Getting sessions for all scopes...
2026-09-19 23:00:12.705 [info] Got 0 sessions for all scopes...
2026-09-19 23:00:12.705 [info] Getting sessions for all scopes...
2026-09-19 23:00:12.705 [info] Got 0 sessions for all scopes...
2026-09-19 23:00:12.706 [info] Getting sessions for all scopes...
2026-09-19 23:00:12.706 [info] Got 0 sessions for all scopes...
2026-09-19 23:00:12.707 [info] Getting sessions for all scopes...
2026-09-19 23:00:12.707 [info] Got 0 sessions for all scopes...
2026-09-19 23:00:12.708 [info] Getting sessions for all scopes...
2026-09-19 23:00:12.708 [info] Got 0 sessions for all scopes...
2026-09-19 23:00:12.708 [info] Getting sessions for all scopes...
2026-09-19 23:00:12.708 [info] Got 0 sessions for all scopes...
2026-09-19 23:00:12.712 [info] Getting sessions for repo...
2026-09-19 23:00:12.712 [info] Got 0 sessions for repo...
2026-09-19 23:00:12.713 [info] Getting sessions for repo...
2026-09-19 23:00:12.713 [info] Got 0 sessions for repo...
2026-09-19 23:00:12.713 [info] Getting sessions for repo...
2026-09-19 23:00:12.714 [info] Got 0 sessions for repo...
2026-09-19 23:00:12.714 [info] Getting sessions for repo...
2026-09-19 23:00:12.714 [info] Got 0 sessions for repo...
2026-09-19 23:00:12.717 [info] Getting sessions for repo...
2026-09-19 23:00:12.717 [info] Got 0 sessions for repo...
2026-09-19 23:00:12.721 [info] Getting sessions for repo...
2026-09-19 23:00:12.721 [info] Got 0 sessions for repo...
2026-09-19 23:00:12.722 [info] Getting sessions for repo...
2026-09-19 23:00:12.723 [info] Got 0 sessions for repo...
2026-09-19 23:00:12.732 [info] Getting sessions for repo...
2026-09-19 23:00:12.732 [info] Got 0 sessions for repo...
2026-09-19 23:00:12.737 [info] Getting sessions for repo...
2026-09-19 23:00:12.737 [info] Got 0 sessions for repo...
2026-09-19 23:00:12.738 [info] Getting sessions for all scopes...
2026-09-19 23:00:12.738 [info] Got 0 sessions for all scopes...
2026-09-19 23:00:12.739 [info] Getting sessions for repo...
2026-09-19 23:00:12.739 [info] Got 0 sessions for repo...
2026-09-19 23:00:12.740 [info] Getting sessions for repo...
2026-09-19 23:00:12.740 [info] Got 0 sessions for repo...
2026-09-19 23:00:12.741 [info] Getting sessions for repo...
2026-09-19 23:00:12.741 [info] Got 0 sessions for repo...
2026-09-19 23:00:12.742 [info] Getting sessions for repo...
2026-09-19 23:00:12.742 [info] Got 0 sessions for repo...
2026-09-19 23:00:12.766 [info] Getting sessions for repo...
2026-09-19 23:00:12.767 [info] Got 0 sessions for repo...
2026-09-19 23:00:12.767 [info] Getting sessions for repo...
2026-09-19 23:00:12.767 [info] Got 0 sessions for repo...
2026-09-19 23:00:12.768 [info] Getting sessions for all scopes...
2026-09-19 23:00:12.768 [info] Got 0 sessions for all scopes...
2026-09-19 23:00:12.769 [info] Getting sessions for all scopes...
2026-09-19 23:00:12.769 [info] Got 0 sessions for all scopes...
2026-09-19 23:00:12.771 [info] Getting sessions for all scopes...
2026-09-19 23:00:12.771 [info] Got 0 sessions for all scopes...
2026-09-19 23:00:12.773 [info] Getting sessions for all scopes...
2026-09-19 23:00:12.773 [info] Got 0 sessions for all scopes...
2026-09-19 23:00:12.774 [info] Getting sessions for all scopes...
2026-09-19 23:00:12.774 [info] Got 0 sessions for all scopes...
2026-09-19 23:00:12.785 [info] Getting sessions for all scopes...
2026-09-19 23:00:12.785 [info] Got 0 sessions for all scopes...
2026-09-19 23:00:12.785 [info] Getting sessions for all scopes...
2026-09-19 23:00:12.785 [info] Got 0 sessions for all scopes...
2026-09-19 23:00:12.786 [info] Getting sessions for all scopes...
2026-09-19 23:00:12.786 [info] Got 0 sessions for all scopes...
2026-09-19 23:00:12.790 [info] Getting sessions for all scopes...
2026-09-19 23:00:12.790 [info] Got 0 sessions for all scopes...
2026-09-19 23:00:12.833 [info] Getting sessions for read:user,user:email...
2026-09-19 23:00:12.834 [info] Got 0 sessions for read:user,user:email...
2026-09-19 23:00:12.834 [info] Getting sessions for all scopes...
2026-09-19 23:00:12.834 [info] Got 0 sessions for all scopes...
2026-09-19 23:00:12.835 [info] Getting sessions for all scopes...
2026-09-19 23:00:12.835 [info] Got 0 sessions for all scopes...
2026-09-19 23:00:12.836 [info] Getting sessions for all scopes...
2026-09-19 23:00:12.836 [info] Got 0 sessions for all scopes...
2026-09-19 23:00:12.836 [info] Getting sessions for all scopes...
2026-09-19 23:00:12.836 [info] Got 0 sessions for all scopes...
2026-09-19 23:00:12.860 [info] Getting sessions for all scopes...
2026-09-19 23:00:12.860 [info] Got 0 sessions for all scopes...
2026-09-19 23:00:12.861 [info] Getting sessions for all scopes...
2026-09-19 23:00:12.861 [info] Got 0 sessions for all scopes...
2026-09-19 23:00:12.863 [info] Getting sessions for read:user,user:email...
2026-09-19 23:00:12.863 [info] Got 0 sessions for read:user,user:email...
2026-09-19 23:00:12.871 [info] Getting sessions for read:user,user:email...
2026-09-19 23:00:12.871 [info] Got 0 sessions for read:user,user:email...
2026-09-19 23:00:12.873 [info] Getting sessions for read:user,user:email...
2026-09-19 23:00:12.873 [info] Got 0 sessions for read:user,user:email...
2026-09-19 23:00:12.873 [info] Getting sessions for read:user,user:email...
2026-09-19 23:00:12.873 [info] Got 0 sessions for read:user,user:email...
2026-09-19 23:00:12.874 [info] Getting sessions for read:user,user:email...
2026-09-19 23:00:12.874 [info] Got 0 sessions for read:user,user:email...
2026-09-19 23:00:12.875 [info] Getting sessions for read:user,user:email...
2026-09-19 23:00:12.875 [info] Got 0 sessions for read:user,user:email...
2026-09-19 23:00:12.876 [info] Getting sessions for read:user,user:email...
2026-09-19 23:00:12.876 [info] Got 0 sessions for read:user,user:email...
2026-09-19 23:00:12.885 [info] Getting sessions for read:user,user:email...
2026-09-19 23:00:12.885 [info] Got 0 sessions for read:user,user:email...
2026-09-19 23:00:12.887 [info] Getting sessions for all scopes...
2026-09-19 23:00:12.887 [info] Got 0 sessions for all scopes...
2026-09-19 23:00:12.887 [info] Getting sessions for read:user,user:email...
2026-09-19 23:00:12.888 [info] Got 0 sessions for read:user,user:email...
2026-09-19 23:00:12.888 [info] Getting sessions for read:user,user:email...
2026-09-19 23:00:12.888 [info] Got 0 sessions for read:user,user:email...
2026-09-19 23:00:12.889 [info] Getting sessions for read:user,user:email...
2026-09-19 23:00:12.889 [info] Got 0 sessions for read:user,user:email...
2026-09-19 23:00:12.890 [info] Getting sessions for read:user,user:email...
2026-09-19 23:00:12.890 [info] Got 0 sessions for read:user,user:email...
2026-09-19 23:00:12.898 [info] Getting sessions for read:user,user:email...
2026-09-19 23:00:12.898 [info] Got 0 sessions for read:user,user:email...
2026-09-19 23:00:12.901 [info] Getting sessions for read:user,user:email...
2026-09-19 23:00:12.901 [info] Got 0 sessions for read:user,user:email...
2026-09-19 23:00:12.902 [info] Getting sessions for all scopes...
2026-09-19 23:00:12.902 [info] Got 0 sessions for all scopes...
2026-09-19 23:00:12.905 [info] Getting sessions for all scopes...
2026-09-19 23:00:12.905 [info] Got 0 sessions for all scopes...
2026-09-19 23:00:12.906 [info] Getting sessions for all scopes...
2026-09-19 23:00:12.906 [info] Got 0 sessions for all scopes...
2026-09-19 23:00:12.907 [info] Getting sessions for all scopes...
2026-09-19 23:00:12.907 [info] Got 0 sessions for all scopes...
2026-09-19 23:00:12.907 [info] Getting sessions for all scopes...
2026-09-19 23:00:12.907 [info] Got 0 sessions for all scopes...
2026-09-19 23:00:12.909 [info] Getting sessions for all scopes...
2026-09-19 23:00:12.909 [info] Got 0 sessions for all scopes...
2026-09-19 23:00:12.909 [info] Getting sessions for all scopes...
2026-09-19 23:00:12.909 [info] Got 0 sessions for all scopes...
2026-09-19 23:00:12.910 [info] Getting sessions for all scopes...
2026-09-19 23:00:12.910 [info] Got 0 sessions for all scopes...
2026-09-19 23:00:12.911 [info] Getting sessions for repo...
2026-09-19 23:00:12.912 [info] Got 0 sessions for repo...
2026-09-19 23:00:12.912 [info] Getting sessions for all scopes...
2026-09-19 23:00:12.912 [info] Got 0 sessions for all scopes...
2026-09-19 23:00:12.913 [info] Getting sessions for all scopes...
2026-09-19 23:00:12.913 [info] Got 0 sessions for all scopes...
2026-09-19 23:00:12.914 [info] Getting sessions for all scopes...
2026-09-19 23:00:12.915 [info] Got 0 sessions for all scopes...
2026-09-19 23:00:12.915 [info] Getting sessions for all scopes...
2026-09-19 23:00:12.915 [info] Got 0 sessions for all scopes...
2026-09-19 23:00:12.915 [info] Getting sessions for all scopes...
2026-09-19 23:00:12.915 [info] Got 0 sessions for all scopes...
2026-09-19 23:00:12.916 [info] Getting sessions for all scopes...
2026-09-19 23:00:12.916 [info] Got 0 sessions for all scopes...
2026-09-19 23:00:12.916 [info] Getting sessions for repo...
2026-09-19 23:00:12.916 [info] Got 0 sessions for repo...
2026-09-19 23:00:12.916 [info] Getting sessions for repo...
2026-09-19 23:00:12.916 [info] Got 0 sessions for repo...
2026-09-19 23:00:12.917 [info] Getting sessions for repo...
2026-09-19 23:00:12.917 [info] Got 0 sessions for repo...
2026-09-19 23:00:12.917 [info] Getting sessions for repo...
2026-09-19 23:00:12.917 [info] Got 0 sessions for repo...
2026-09-19 23:00:12.919 [info] Getting sessions for repo...
2026-09-19 23:00:12.919 [info] Got 0 sessions for repo...
2026-09-19 23:00:12.919 [info] Getting sessions for repo...
2026-09-19 23:00:12.920 [info] Got 0 sessions for repo...
2026-09-19 23:00:12.921 [info] Getting sessions for repo...
2026-09-19 23:00:12.921 [info] Got 0 sessions for repo...
2026-09-19 23:00:12.922 [info] Getting sessions for repo...
2026-09-19 23:00:12.922 [info] Got 0 sessions for repo...
2026-09-19 23:00:12.922 [info] Getting sessions for all scopes...
2026-09-19 23:00:12.922 [info] Got 0 sessions for all scopes...
2026-09-19 23:00:12.922 [info] Getting sessions for repo...
2026-09-19 23:00:12.922 [info] Got 0 sessions for repo...
2026-09-19 23:00:12.923 [info] Getting sessions for repo...
2026-09-19 23:00:12.923 [info] Got 0 sessions for repo...
2026-09-19 23:00:12.924 [info] Getting sessions for repo...
2026-09-19 23:00:12.925 [info] Got 0 sessions for repo...
2026-09-19 23:00:12.925 [info] Getting sessions for repo...
2026-09-19 23:00:12.925 [info] Got 0 sessions for repo...
2026-09-19 23:00:12.925 [info] Getting sessions for repo...
2026-09-19 23:00:12.925 [info] Got 0 sessions for repo...
2026-09-19 23:00:12.926 [info] Getting sessions for repo...
2026-09-19 23:00:12.926 [info] Got 0 sessions for repo...
2026-09-19 23:00:12.926 [info] Getting sessions for all scopes...
2026-09-19 23:00:12.926 [info] Got 0 sessions for all scopes...
2026-09-19 23:00:12.926 [info] Getting sessions for all scopes...
2026-09-19 23:00:12.926 [info] Got 0 sessions for all scopes...
2026-09-19 23:00:12.927 [info] Getting sessions for all scopes...
2026-09-19 23:00:12.927 [info] Got 0 sessions for all scopes...
2026-09-19 23:00:12.927 [info] Getting sessions for all scopes...
2026-09-19 23:00:12.927 [info] Got 0 sessions for all scopes...
2026-09-19 23:00:12.927 [info] Getting sessions for all scopes...
2026-09-19 23:00:12.927 [info] Got 0 sessions for all scopes...
2026-09-19 23:00:12.929 [info] Getting sessions for all scopes...
2026-09-19 23:00:12.929 [info] Got 0 sessions for all scopes...
2026-09-19 23:00:12.929 [info] Getting sessions for all scopes...
2026-09-19 23:00:12.929 [info] Got 0 sessions for all scopes...
2026-09-19 23:00:12.930 [info] Getting sessions for all scopes...
2026-09-19 23:00:12.930 [info] Got 0 sessions for all scopes...
2026-09-19 23:00:12.930 [info] Getting sessions for all scopes...
2026-09-19 23:00:12.930 [info] Got 0 sessions for all scopes...
2026-09-19 23:00:12.931 [info] Getting sessions for all scopes...
2026-09-19 23:00:12.931 [info] Got 0 sessions for all scopes...
2026-09-19 23:00:12.933 [info] Getting sessions for all scopes...
2026-09-19 23:00:12.933 [info] Got 0 sessions for all scopes...
2026-09-19 23:00:12.933 [info] Getting sessions for all scopes...
2026-09-19 23:00:12.933 [info] Got 0 sessions for all scopes...
2026-09-19 23:00:12.933 [info] Getting sessions for all scopes...
2026-09-19 23:00:12.933 [info] Got 0 sessions for all scopes...
2026-09-19 23:00:12.934 [info] Getting sessions for all scopes...
2026-09-19 23:00:12.934 [info] Got 0 sessions for all scopes...
2026-09-19 23:00:13.092 [info] Getting sessions for read:user,user:email...
2026-09-19 23:00:13.092 [info] Got 0 sessions for read:user,user:email...
2026-09-19 23:00:13.105 [info] Getting sessions for all scopes...
2026-09-19 23:00:13.105 [info] Got 0 sessions for all scopes...
2026-09-19 23:00:13.128 [info] Getting sessions for repo...
2026-09-19 23:00:13.128 [info] Got 0 sessions for repo...
2026-09-19 23:00:13.150 [info] Getting sessions for all scopes...
2026-09-19 23:00:13.150 [info] Got 0 sessions for all scopes...
2026-09-19 23:00:13.158 [info] Getting sessions for read:user,user:email...
2026-09-19 23:00:13.158 [info] Got 0 sessions for read:user,user:email...
2026-09-19 23:00:13.273 [info] Getting sessions for all scopes...
2026-09-19 23:00:13.273 [info] Got 0 sessions for all scopes...
2026-09-19 23:00:13.328 [info] Getting sessions for repo...
2026-09-19 23:00:13.328 [info] Got 0 sessions for repo...
2026-09-19 23:00:13.365 [info] Getting sessions for all scopes...
2026-09-19 23:00:13.365 [info] Got 0 sessions for all scopes...
2026-09-19 23:00:14.209 [info] Getting sessions for all scopes...
2026-09-19 23:00:14.209 [info] Got 0 sessions for all scopes...
