2026-09-20 17:32:01.363 [info] Reading sessions from keychain...
2026-09-20 17:32:01.363 [info] Getting sessions for all scopes...
2026-09-20 17:32:01.713 [info] Got 0 sessions for all scopes...
2026-09-20 17:32:01.714 [info] Getting sessions for all scopes...
2026-09-20 17:32:01.714 [info] Got 0 sessions for all scopes...
2026-09-20 17:32:01.714 [info] Getting sessions for all scopes...
2026-09-20 17:32:01.714 [info] Got 0 sessions for all scopes...
2026-09-20 17:32:01.714 [info] Getting sessions for all scopes...
2026-09-20 17:32:01.714 [info] Got 0 sessions for all scopes...
2026-09-20 17:32:02.068 [info] Getting sessions for all scopes...
2026-09-20 17:32:02.068 [info] Got 0 sessions for all scopes...
2026-09-20 17:32:05.578 [info] Getting sessions for read:user,repo,user:email,workflow...
2026-09-20 17:32:05.578 [info] Got 0 sessions for read:user,repo,user:email,workflow...
2026-09-20 17:32:05.818 [info] Getting sessions for read:user,repo,user:email...
2026-09-20 17:32:05.818 [info] Got 0 sessions for read:user,repo,user:email...
2026-09-20 17:32:05.947 [info] Getting sessions for project,read:org,read:user,repo,user:email,workflow...
2026-09-20 17:32:05.947 [info] Got 0 sessions for project,read:org,read:user,repo,user:email,workflow...
2026-09-20 17:32:05.965 [info] Getting sessions for read:user,repo,user:email,workflow...
2026-09-20 17:32:05.965 [info] Got 0 sessions for read:user,repo,user:email,workflow...
2026-09-20 17:32:21.909 [info] Getting sessions for all scopes...
2026-09-20 17:32:21.909 [info] Got 0 sessions for all scopes...
2026-09-20 17:32:21.938 [info] Getting sessions for read:user,user:email...
2026-09-20 17:32:21.938 [info] Got 0 sessions for read:user,user:email...
2026-09-20 17:32:21.955 [info] Getting sessions for all scopes...
2026-09-20 17:32:21.955 [info] Got 0 sessions for all scopes...
2026-09-20 17:32:21.957 [info] Getting sessions for repo...
2026-09-20 17:32:21.957 [info] Got 0 sessions for repo...
2026-09-20 17:32:21.965 [info] Getting sessions for all scopes...
2026-09-20 17:32:21.965 [info] Got 0 sessions for all scopes...
2026-09-20 17:32:21.969 [info] Getting sessions for read:user,user:email...
2026-09-20 17:32:21.969 [info] Got 0 sessions for read:user,user:email...
2026-09-20 17:32:21.970 [info] Getting sessions for all scopes...
2026-09-20 17:32:21.970 [info] Got 0 sessions for all scopes...
2026-09-20 17:32:21.971 [info] Getting sessions for repo...
2026-09-20 17:32:21.971 [info] Got 0 sessions for repo...
2026-09-20 17:32:21.972 [info] Getting sessions for all scopes...
2026-09-20 17:32:21.972 [info] Got 0 sessions for all scopes...
2026-09-20 17:32:24.186 [info] Getting sessions for all scopes...
2026-09-20 17:32:24.186 [info] Got 0 sessions for all scopes...
