2026-09-20 00:47:12.600 [info] Extension host with pid 32586 started
2026-09-20 00:47:12.601 [info] Skipping acquiring lock for /home/lucky/.config/Code/User/workspaceStorage/af4cd2a1ad00ed100e7c41ede3803c2d.
2026-09-20 00:47:13.831 [info] ExtensionService#_doActivateExtension vscode.github-authentication, startup: false, activationEvent: 'onAuthenticationRequest:github'
2026-09-20 00:47:13.903 [info] ExtensionService#_doActivateExtension vscode.emmet, startup: false, activationEvent: 'onLanguage'
2026-09-20 00:47:13.952 [info] ExtensionService#_doActivateExtension vscode.configuration-editing, startup: false, activationEvent: 'onLanguage:jsonc'
2026-09-20 00:47:13.991 [info] ExtensionService#_doActivateExtension vscode.json-language-features, startup: false, activationEvent: 'onLanguage:jsonc'
2026-09-20 00:47:14.304 [info] ExtensionService#_doActivateExtension vscode.typescript-language-features, startup: false, activationEvent: 'onLanguage:jsonc'
2026-09-20 00:47:14.908 [info] ExtensionService#_doActivateExtension vscode.git-base, startup: true, activationEvent: '*', root cause: vscode.git
2026-09-20 00:47:14.918 [info] ExtensionService#_doActivateExtension formulahendry.auto-close-tag, startup: true, activationEvent: '*'
2026-09-20 00:47:14.921 [info] ExtensionService#_doActivateExtension formulahendry.auto-rename-tag, startup: true, activationEvent: '*'
2026-09-20 00:47:15.006 [info] ExtensionService#_doActivateExtension mhutchie.git-graph, startup: true, activationEvent: '*'
2026-09-20 00:47:15.698 [info] ExtensionService#_doActivateExtension vscode.git, startup: true, activationEvent: '*'
2026-09-20 00:47:15.820 [info] ExtensionService#_doActivateExtension vscode.github, startup: true, activationEvent: '*'
2026-09-20 00:47:16.232 [info] Eager extensions activated
2026-09-20 00:47:16.321 [info] ExtensionService#_doActivateExtension vscode.debug-auto-launch, startup: false, activationEvent: 'onStartupFinished'
2026-09-20 00:47:16.328 [info] ExtensionService#_doActivateExtension vscode.merge-conflict, startup: false, activationEvent: 'onStartupFinished'
2026-09-20 00:47:16.397 [info] ExtensionService#_doActivateExtension bradlc.vscode-tailwindcss, startup: false, activationEvent: 'onStartupFinished'
2026-09-20 00:47:16.528 [info] ExtensionService#_doActivateExtension dbaeumer.vscode-eslint, startup: false, activationEvent: 'onStartupFinished'
2026-09-20 00:47:16.597 [info] ExtensionService#_doActivateExtension eamodio.gitlens, startup: false, activationEvent: 'onStartupFinished'
2026-09-20 00:47:17.032 [info] ExtensionService#_doActivateExtension ecmel.vscode-html-css, startup: false, activationEvent: 'onStartupFinished'
2026-09-20 00:47:17.036 [info] ExtensionService#_doActivateExtension esbenp.prettier-vscode, startup: false, activationEvent: 'onStartupFinished'
2026-09-20 00:47:17.059 [info] ExtensionService#_doActivateExtension formulahendry.code-runner, startup: false, activationEvent: 'onStartupFinished'
2026-09-20 00:47:17.093 [info] ExtensionService#_doActivateExtension GitHub.vscode-pull-request-github, startup: false, activationEvent: 'onStartupFinished'
2026-09-20 00:47:17.307 [info] ExtensionService#_doActivateExtension ritwickdey.LiveServer, startup: false, activationEvent: 'onStartupFinished'
2026-09-20 00:47:17.317 [info] ExtensionService#_doActivateExtension usernamehw.errorlens, startup: false, activationEvent: 'onStartupFinished'
2026-09-20 00:54:50.329 [error] Error: Illegal value for `line`
    at Jw._lineAt (file:///usr/share/code/resources/app/out/vs/workbench/api/node/extensionHostProcess.js:563:1317)
    at Object.change (file:///usr/share/code/resources/app/out/vs/workbench/api/node/extensionHostProcess.js:563:67)
    at /home/lucky/.vscode/extensions/formulahendry.auto-rename-tag-0.1.10/packages/extension/dist/webpack:/auto-rename-tag/src/extensionMain.ts:317:44
    at Np.value (file:///usr/share/code/resources/app/out/vs/workbench/api/node/extensionHostProcess.js:685:137194)
    at T._deliver (file:///usr/share/code/resources/app/out/vs/workbench/api/node/extensionHostProcess.js:431:3617)
    at T._deliverQueue (file:///usr/share/code/resources/app/out/vs/workbench/api/node/extensionHostProcess.js:431:3706)
    at T.fire (file:///usr/share/code/resources/app/out/vs/workbench/api/node/extensionHostProcess.js:431:4040)
    at nP.$acceptModelChanged (file:///usr/share/code/resources/app/out/vs/workbench/api/node/extensionHostProcess.js:582:111066)
    at r._doInvokeHandler (file:///usr/share/code/resources/app/out/vs/workbench/api/node/extensionHostProcess.js:435:159381)
    at r._invokeHandler (file:///usr/share/code/resources/app/out/vs/workbench/api/node/extensionHostProcess.js:435:159129)
    at r._receiveRequest (file:///usr/share/code/resources/app/out/vs/workbench/api/node/extensionHostProcess.js:435:157869)
    at r._receiveOneMessage (file:///usr/share/code/resources/app/out/vs/workbench/api/node/extensionHostProcess.js:435:156707)
    at Np.value (file:///usr/share/code/resources/app/out/vs/workbench/api/node/extensionHostProcess.js:435:154782)
    at T._deliver (file:///usr/share/code/resources/app/out/vs/workbench/api/node/extensionHostProcess.js:431:3617)
    at T.fire (file:///usr/share/code/resources/app/out/vs/workbench/api/node/extensionHostProcess.js:431:3935)
    at xs.fire (file:///usr/share/code/resources/app/out/vs/workbench/api/node/extensionHostProcess.js:433:8627)
    at Np.value (file:///usr/share/code/resources/app/out/vs/workbench/api/node/extensionHostProcess.js:864:10003)
    at T._deliver (file:///usr/share/code/resources/app/out/vs/workbench/api/node/extensionHostProcess.js:431:3617)
    at T.fire (file:///usr/share/code/resources/app/out/vs/workbench/api/node/extensionHostProcess.js:431:3935)
    at xs.fire (file:///usr/share/code/resources/app/out/vs/workbench/api/node/extensionHostProcess.js:433:8627)
    at MessagePortMain.<anonymous> (file:///usr/share/code/resources/app/out/vs/workbench/api/node/extensionHostProcess.js:864:8171)
    at MessagePortMain.emit (node:events:509:28)
    at Object.emit (node:electron/js2c/utility_init:2:2934)
2026-09-20 01:21:37.674 [info] ExtensionService#_doActivateExtension vscode.css-language-features, startup: false, activationEvent: 'onLanguage:css'
2026-09-20 01:42:07.382 [info] ExtensionService#_doActivateExtension vscode.extension-editing, startup: false, activationEvent: 'onLanguage:json'
2026-09-20 01:42:07.416 [info] ExtensionService#_doActivateExtension vscode.npm, startup: false, activationEvent: 'onLanguage:json'
2026-09-20 01:42:41.878 [info] Extension host terminating: received terminate message from renderer
2026-09-20 01:42:42.019 [error] An error occurred when disposing the subscriptions for extension 'eamodio.gitlens':
2026-09-20 01:42:42.044 [error] Error: Channel has been closed
    at i (file:///usr/share/code/resources/app/out/vs/workbench/api/node/extensionHostProcess.js:562:3935)
    at Object.info (file:///usr/share/code/resources/app/out/vs/workbench/api/node/extensionHostProcess.js:562:4305)
    at Logger.info (/home/lucky/.vscode/extensions/eamodio.gitlens-19.2.0/dist/gitlens.js:639:112633)
    at GkCliService.stopIpc (/home/lucky/.vscode/extensions/eamodio.gitlens-19.2.0/dist/gitlens.js:1120:55587)
    at GkCliService.dispose (/home/lucky/.vscode/extensions/eamodio.gitlens-19.2.0/dist/gitlens.js:1120:53421)
    at /home/lucky/.vscode/extensions/eamodio.gitlens-19.2.0/dist/gitlens.js:1007:69937
    at Array.forEach (<anonymous>)
    at Object.dispose (/home/lucky/.vscode/extensions/eamodio.gitlens-19.2.0/dist/gitlens.js:1007:69918)
    at xn (file:///usr/share/code/resources/app/out/vs/workbench/api/node/extensionHostProcess.js:429:736)
    at T_._fn (file:///usr/share/code/resources/app/out/vs/workbench/api/node/extensionHostProcess.js:559:18537)
    at T_.dispose (file:///usr/share/code/resources/app/out/vs/workbench/api/node/extensionHostProcess.js:429:1248)
    at BR._deactivate (file:///usr/share/code/resources/app/out/vs/workbench/api/node/extensionHostProcess.js:559:14854)
    at file:///usr/share/code/resources/app/out/vs/workbench/api/node/extensionHostProcess.js:559:12156
    at Array.map (<anonymous>)
    at BR._deactivateAll (file:///usr/share/code/resources/app/out/vs/workbench/api/node/extensionHostProcess.js:559:12144)
    at BR.terminate (file:///usr/share/code/resources/app/out/vs/workbench/api/node/extensionHostProcess.js:559:12495)
    at r.terminate (file:///usr/share/code/resources/app/out/vs/workbench/api/node/extensionHostProcess.js:561:1072)
    at ga (file:///usr/share/code/resources/app/out/vs/workbench/api/node/extensionHostProcess.js:864:11797)
    at Np.value (file:///usr/share/code/resources/app/out/vs/workbench/api/node/extensionHostProcess.js:864:9939)
    at T._deliver (file:///usr/share/code/resources/app/out/vs/workbench/api/node/extensionHostProcess.js:431:3617)
    at T.fire (file:///usr/share/code/resources/app/out/vs/workbench/api/node/extensionHostProcess.js:431:3935)
    at xs.fire (file:///usr/share/code/resources/app/out/vs/workbench/api/node/extensionHostProcess.js:433:8627)
    at MessagePortMain.<anonymous> (file:///usr/share/code/resources/app/out/vs/workbench/api/node/extensionHostProcess.js:864:8171)
    at MessagePortMain.emit (node:events:509:28)
    at Object.emit (node:electron/js2c/utility_init:2:2934)
2026-09-20 01:42:42.136 [info] Extension host with pid 32586 exiting with code 0
