2026-09-20 17:31:14.937 [info] Reading sessions from keychain...
2026-09-20 17:31:14.937 [info] Getting sessions for all scopes...
2026-09-20 17:31:14.937 [info] Got 0 sessions for all scopes...
2026-09-20 17:31:14.937 [info] Getting sessions for all scopes...
2026-09-20 17:31:14.937 [info] Got 0 sessions for all scopes...
2026-09-20 17:31:14.937 [info] Getting sessions for all scopes...
2026-09-20 17:31:14.937 [info] Got 0 sessions for all scopes...
2026-09-20 17:31:14.937 [info] Getting sessions for all scopes...
2026-09-20 17:31:14.937 [info] Got 0 sessions for all scopes...
2026-09-20 17:31:14.937 [info] Getting sessions for all scopes...
2026-09-20 17:31:14.937 [info] Got 0 sessions for all scopes...
2026-09-20 17:31:17.068 [info] Getting sessions for all scopes...
2026-09-20 17:31:17.068 [info] Got 0 sessions for all scopes...
2026-09-20 17:31:17.071 [info] Getting sessions for read:user,user:email...
2026-09-20 17:31:17.071 [info] Got 0 sessions for read:user,user:email...
2026-09-20 17:31:17.540 [info] Getting sessions for all scopes...
2026-09-20 17:31:17.540 [info] Got 0 sessions for all scopes...
2026-09-20 17:31:17.567 [info] Getting sessions for read:user,repo,user:email,workflow...
2026-09-20 17:31:17.567 [info] Got 0 sessions for read:user,repo,user:email,workflow...
2026-09-20 17:31:17.656 [info] Getting sessions for repo...
2026-09-20 17:31:17.656 [info] Got 0 sessions for repo...
2026-09-20 17:31:17.765 [info] Getting sessions for all scopes...
2026-09-20 17:31:17.765 [info] Got 0 sessions for all scopes...
2026-09-20 17:31:17.881 [info] Getting sessions for read:user,user:email...
2026-09-20 17:31:17.881 [info] Got 0 sessions for read:user,user:email...
2026-09-20 17:31:17.882 [info] Getting sessions for read:user,repo,user:email...
2026-09-20 17:31:17.882 [info] Got 0 sessions for read:user,repo,user:email...
2026-09-20 17:31:17.986 [info] Getting sessions for all scopes...
2026-09-20 17:31:17.987 [info] Got 0 sessions for all scopes...
2026-09-20 17:31:18.026 [info] Getting sessions for repo...
2026-09-20 17:31:18.026 [info] Got 0 sessions for repo...
2026-09-20 17:31:18.093 [info] Getting sessions for all scopes...
2026-09-20 17:31:18.093 [info] Got 0 sessions for all scopes...
2026-09-20 17:31:18.172 [info] Getting sessions for project,read:org,read:user,repo,user:email,workflow...
2026-09-20 17:31:18.172 [info] Got 0 sessions for project,read:org,read:user,repo,user:email,workflow...
2026-09-20 17:31:18.494 [info] Getting sessions for read:user,repo,user:email,workflow...
2026-09-20 17:31:18.494 [info] Got 0 sessions for read:user,repo,user:email,workflow...
2026-09-20 17:31:20.301 [info] Getting sessions for all scopes...
2026-09-20 17:31:20.302 [info] Got 0 sessions for all scopes...
