2026-09-20 15:47:16.238 [info] Reading sessions from keychain...
2026-09-20 15:47:16.238 [info] Getting sessions for all scopes...
2026-09-20 15:47:16.238 [info] Got 0 sessions for all scopes...
2026-09-20 15:47:16.238 [info] Getting sessions for all scopes...
2026-09-20 15:47:16.238 [info] Got 0 sessions for all scopes...
2026-09-20 15:47:16.238 [info] Getting sessions for all scopes...
2026-09-20 15:47:16.238 [info] Got 0 sessions for all scopes...
2026-09-20 15:47:16.238 [info] Getting sessions for all scopes...
2026-09-20 15:47:16.238 [info] Got 0 sessions for all scopes...
2026-09-20 15:47:16.238 [info] Getting sessions for all scopes...
2026-09-20 15:47:16.239 [info] Got 0 sessions for all scopes...
2026-09-20 15:47:16.384 [info] Getting sessions for all scopes...
2026-09-20 15:47:16.384 [info] Got 0 sessions for all scopes...
2026-09-20 15:47:20.165 [info] Getting sessions for read:user,repo,user:email,workflow...
2026-09-20 15:47:20.165 [info] Got 0 sessions for read:user,repo,user:email,workflow...
2026-09-20 15:47:20.394 [info] Getting sessions for read:user,repo,user:email...
2026-09-20 15:47:20.394 [info] Got 0 sessions for read:user,repo,user:email...
2026-09-20 15:47:20.441 [info] Getting sessions for project,read:org,read:user,repo,user:email,workflow...
2026-09-20 15:47:20.441 [info] Got 0 sessions for project,read:org,read:user,repo,user:email,workflow...
2026-09-20 15:47:20.482 [info] Getting sessions for read:user,repo,user:email,workflow...
2026-09-20 15:47:20.483 [info] Got 0 sessions for read:user,repo,user:email,workflow...
2026-09-20 15:47:22.701 [info] Getting sessions for all scopes...
2026-09-20 15:47:22.702 [info] Got 0 sessions for all scopes...
2026-09-20 15:47:23.461 [info] Getting sessions for read:user,user:email...
2026-09-20 15:47:23.465 [info] Got 0 sessions for read:user,user:email...
2026-09-20 15:47:23.474 [info] Getting sessions for all scopes...
2026-09-20 15:47:23.474 [info] Got 0 sessions for all scopes...
2026-09-20 15:47:23.509 [info] Getting sessions for repo...
2026-09-20 15:47:23.509 [info] Got 0 sessions for repo...
2026-09-20 15:47:23.624 [info] Getting sessions for all scopes...
2026-09-20 15:47:23.624 [info] Got 0 sessions for all scopes...
2026-09-20 15:47:23.749 [info] Getting sessions for read:user,user:email...
2026-09-20 15:47:23.749 [info] Got 0 sessions for read:user,user:email...
2026-09-20 15:47:23.787 [info] Getting sessions for all scopes...
2026-09-20 15:47:23.787 [info] Got 0 sessions for all scopes...
2026-09-20 15:47:23.804 [info] Getting sessions for repo...
2026-09-20 15:47:23.804 [info] Got 0 sessions for repo...
2026-09-20 15:47:23.877 [info] Getting sessions for all scopes...
2026-09-20 15:47:23.877 [info] Got 0 sessions for all scopes...
2026-09-20 15:47:30.681 [info] Getting sessions for all scopes...
2026-09-20 15:47:30.681 [info] Got 0 sessions for all scopes...
