Locating server…
Booting server...
Setting up server…
Listening for messages…
Searching for Tailwind CSS projects in the workspace's folders.
{"tailwind":{"version":"4.1.18","features":["css-at-theme","layer:base","content-list","source-inline","source-not"],"isDefaultVersion":true},"path":"/home/lucky/.config/waybar/style.css"}
[Global] Creating projects: [{"folder":"/home/lucky/.config/waybar","config":"/home/lucky/.config/waybar/style.css","selectors":[{"pattern":"/home/lucky/.config/waybar/style.css","priority":0},{"pattern":"/home/lucky/.config/waybar/**","priority":2},{"pattern":"/home/lucky/.config/waybar/**","priority":5}],"user":false,"tailwind":{"version":"4.1.18","features":["css-at-theme","layer:base","content-list","source-inline","source-not"],"isDefaultVersion":true}}]
[Global] Preparing projects...
[Global] Initializing projects...
[Global] Initialized 0 projects
[style.css] Initializing...
[Global] Adding watch patterns: /home/lucky/.config/waybar/style.css, /home/lucky/.config/waybar
[style.css] Failed to load workspace modules.
[style.css] Using bundled version of `tailwindcss`: v4.1.18
[style.css] Building...
[Global] Adding watch patterns: /home/lucky/.config/waybar/colors/colors.css
---- RELOADING DESIGN SYSTEM ----
---- /home/lucky/.config/waybar/style.css ----
---- RELOADED IN 63.12ms ----
---- RELOADING DESIGN SYSTEM ----
---- /home/lucky/.config/waybar/style.css ----
---- RELOADED IN 70.38ms ----
---- RELOADING DESIGN SYSTEM ----
---- /home/lucky/.config/waybar/style.css ----
---- RELOADED IN 46.08ms ----
---- RELOADING DESIGN SYSTEM ----
---- /home/lucky/.config/waybar/style.css ----
---- RELOADED IN 56.15ms ----
---- RELOADING DESIGN SYSTEM ----
---- /home/lucky/.config/waybar/style.css ----
---- RELOADED IN 58.90ms ----
---- RELOADING DESIGN SYSTEM ----
---- /home/lucky/.config/waybar/style.css ----
---- RELOADED IN 38.95ms ----
---- RELOADING DESIGN SYSTEM ----
---- /home/lucky/.config/waybar/style.css ----
---- RELOADED IN 44.63ms ----
---- RELOADING DESIGN SYSTEM ----
---- /home/lucky/.config/waybar/style.css ----
---- RELOADED IN 75.84ms ----
