2026-09-20 00:47:19.424 [info] To enable debug logging, run "GitLens: Enable Debug Logging" or "Developer: Set Log Level..." from the Command Palette
2026-09-20 00:47:19.424 [info]    [            1] GitLens v19.2.0  activating in Visual Studio Code (1.138.0) on the desktop; mode=production,language='en', logLevel='info', defaultDateLocale='null' (vscode|ecf2d41a3e32654c354ece0cb86fc0d854fa107be7dcfc267a9a256600921d84|64b2462d-7421-429a-94c1-07c06637826a1789876029892)
2026-09-20 00:47:19.425 [warning] [            1] GitLens v19.2.0 activated [376ms]
2026-09-20 00:47:19.425 [info]    [   78 →    79] GlCliGitProvider.findGit Git (2.55.0) found in /usr/bin/git [1013ms]
2026-09-20 00:47:19.425 [info]    [   78 →    a8] GlCliGitProvider.repositorySearch(/home/lucky/.config/waybar) searching (depth=1)...
2026-09-20 00:47:19.425 [error]   [GIT          ] [/home/lucky/.config/waybar] git rev-parse --show-toplevel --git-dir --git-common-dir --show-superproject-working-tree · not a git repository (or any parent up to mount point /) · Stopping at filesystem boundary (GIT_DISCOVERY_ACROSS_FILESYSTEM not set). [291ms]
2026-09-20 00:47:19.425 [info]    [IPC          ] CLI capability published on http://127.0.0.1:35121
2026-09-20 00:47:19.425 [warning] [    c →     d] ServerConnection.fetch(url=https://configs.gitkraken.dev/gitlens/product.json, options=undefined) completed [*1911ms] (slow)
2026-09-20 00:47:19.425 [warning] [    b →     c] ServerConnection.fetchGkConfig(path=product.json, options=undefined) completed [*1912ms] (slow)
2026-09-20 00:47:19.496 [error]   [GIT          ] [/home/lucky/.config/waybar] git rev-parse --show-toplevel --git-dir --git-common-dir --show-superproject-working-tree · not a git repository (or any parent up to mount point /) · Stopping at filesystem boundary (GIT_DISCOVERY_ACROSS_FILESYSTEM not set). [132ms]
2026-09-20 00:47:19.497 [warning] [   80 →    81] GitProviderService.getOrAddRepository(e=Uri(file:///home/lucky/.config/waybar/config.jsonc), t={"opened":false}) returned undefined [*1783ms] (slow)
2026-09-20 00:47:19.498 [warning] [   7f →    80] GitUri.fromUri(e=Uri(file:///home/lucky/.config/waybar/config.jsonc)) returned GitUri(file:///home/lucky/.config/waybar/config.jsonc) [*1784ms] (slow)
2026-09-20 00:47:19.498 [warning] [   7e →    7f] TrackedGitDocument(TextDocument(jsonc, dirty=true, file:///home/lucky/.config/waybar/config.jsonc)).initialize(e=true) completed [*1785ms] (slow)
2026-09-20 00:47:19.498 [warning] [   97 →    98] GitDocumentTracker.get(e=TextDocument(jsonc, dirty=true, file:///home/lucky/.config/waybar/config.jsonc)) completed [*1647ms] (slow)
2026-09-20 00:47:19.498 [warning] [   7d →    7e] GitDocumentTracker.addCore(e=TextDocument(jsonc, dirty=true, file:///home/lucky/.config/waybar/config.jsonc), t=true) completed [*1786ms] (slow)
2026-09-20 00:47:19.503 [warning] [   84 →    97] LineTracker.updateState(selections=1, editor=TextEditor(1, file:///home/lucky/.config/waybar/config.jsonc [1:4-1:4])) returned false • document is not blameable [*1648ms] (slow)
2026-09-20 00:47:20.820 [info]    [CLI          ] CLI core version is 3.1.75
2026-09-20 00:58:51.796 [error]   [GIT          ] [/home/lucky/.config/waybar/scripts] git rev-parse --show-toplevel --git-dir --git-common-dir --show-superproject-working-tree · not a git repository (or any parent up to mount point /) · Stopping at filesystem boundary (GIT_DISCOVERY_ACROSS_FILESYSTEM not set). [9ms]
2026-09-20 01:21:37.796 [error]   [GIT          ] [/home/lucky/.config/waybar/colors] git rev-parse --show-toplevel --git-dir --git-common-dir --show-superproject-working-tree · not a git repository (or any parent up to mount point /) · Stopping at filesystem boundary (GIT_DISCOVERY_ACROSS_FILESYSTEM not set). [17ms]
2026-09-20 01:22:02.837 [error]   [GIT          ] [/home/lucky/.config/waybar/colors] git rev-parse --show-toplevel --git-dir --git-common-dir --show-superproject-working-tree · not a git repository (or any parent up to mount point /) · Stopping at filesystem boundary (GIT_DISCOVERY_ACROSS_FILESYSTEM not set). [11ms]
2026-09-20 01:42:07.505 [error]   [GIT          ] [/home/lucky/.config/waybar] git rev-parse --show-toplevel --git-dir --git-common-dir --show-superproject-working-tree · not a git repository (or any parent up to mount point /) · Stopping at filesystem boundary (GIT_DISCOVERY_ACROSS_FILESYSTEM not set). [23ms]
2026-09-20 01:42:26.131 [error]   [GIT          ] [/home/lucky/.config/waybar] git rev-parse --show-toplevel --git-dir --git-common-dir --show-superproject-working-tree · not a git repository (or any parent up to mount point /) · Stopping at filesystem boundary (GIT_DISCOVERY_ACROSS_FILESYSTEM not set). [10ms]
