Locating server…
Checking if /home/lucky/.config/waybar/style.css may be Tailwind-related…
Checking if /home/lucky/.config/waybar/style.css may be Tailwind-related…
Checking if /home/lucky/.config/waybar/style.css may be Tailwind-related…
Checking if /home/lucky/.config/waybar/style.css may be Tailwind-related…
Checking if /home/lucky/.config/waybar/style.css may be Tailwind-related…
Checking if /home/lucky/.config/waybar/style.css may be Tailwind-related…
Checking if /home/lucky/.config/waybar/style.css may be Tailwind-related…
Checking if /home/lucky/.config/waybar/style.css may be Tailwind-related…
Checking if /home/lucky/.config/waybar/style.css may be Tailwind-related…
Checking if /home/lucky/.config/waybar/style.css may be Tailwind-related…
Checking if /home/lucky/.config/waybar/style.css may be Tailwind-related…
Checking if /home/lucky/.config/waybar/style.css may be Tailwind-related…
Checking if /home/lucky/.config/waybar/style.css may be Tailwind-related…
Checking if /home/lucky/.config/waybar/style.css may be Tailwind-related…
Checking if /home/lucky/.config/waybar/style.css may be Tailwind-related…
Checking if /home/lucky/.config/waybar/style.css may be Tailwind-related…
Checking if /home/lucky/.config/waybar/style.css may be Tailwind-related…
Checking if /home/lucky/.config/waybar/style.css may be Tailwind-related…
Checking if /home/lucky/.config/waybar/style.css may be Tailwind-related…
Checking if /home/lucky/.config/waybar/style.css may be Tailwind-related…
Checking if /home/lucky/.config/waybar/style.css may be Tailwind-related…
Checking if /home/lucky/.config/waybar/style.css may be Tailwind-related…
Checking if /home/lucky/.config/waybar/style.css may be Tailwind-related…
Checking if /home/lucky/.config/waybar/style.css may be Tailwind-related…
Checking if /home/lucky/.config/waybar/style.css may be Tailwind-related…
Checking if /home/lucky/.config/waybar/style.css may be Tailwind-related…
Checking if /home/lucky/.config/waybar/style.css may be Tailwind-related…
Checking if /home/lucky/.config/waybar/style.css may be Tailwind-related…
Checking if /home/lucky/.config/waybar/style.css may be Tailwind-related…
Checking if /home/lucky/.config/waybar/style.css may be Tailwind-related…
Checking if /home/lucky/.config/waybar/style.css may be Tailwind-related…
Checking if /home/lucky/.config/waybar/style.css may be Tailwind-related…
Checking if /home/lucky/.config/waybar/style.css may be Tailwind-related…
Checking if /home/lucky/.config/waybar/style.css may be Tailwind-related…
Checking if /home/lucky/.config/waybar/style.css may be Tailwind-related…
Checking if /home/lucky/.config/waybar/style.css may be Tailwind-related…
Checking if /home/lucky/.config/waybar/style.css may be Tailwind-related…
Checking if /home/lucky/.config/waybar/style.css may be Tailwind-related…
Checking if /home/lucky/.config/waybar/style.css may be Tailwind-related…
Checking if /home/lucky/.config/waybar/style.css may be Tailwind-related…
Checking if /home/lucky/.config/waybar/style.css may be Tailwind-related…
Checking if /home/lucky/.config/waybar/style.css may be Tailwind-related…
Checking if /home/lucky/.config/waybar/style.css may be Tailwind-related…
Checking if /home/lucky/.config/waybar/style.css may be Tailwind-related…
Checking if /home/lucky/.config/waybar/style.css may be Tailwind-related…
Checking if /home/lucky/.config/waybar/style.css may be Tailwind-related…
Checking if /home/lucky/.config/waybar/style.css may be Tailwind-related…
Checking if /home/lucky/.config/waybar/style.css may be Tailwind-related…
Checking if /home/lucky/.config/waybar/style.css may be Tailwind-related…
Checking if /home/lucky/.config/waybar/style.css may be Tailwind-related…
Checking if /home/lucky/.config/waybar/style.css may be Tailwind-related…
Checking if /home/lucky/.config/waybar/style.css may be Tailwind-related…
Checking if /home/lucky/.config/waybar/style.css may be Tailwind-related…
Checking if /home/lucky/.config/waybar/style.css may be Tailwind-related…
Checking if /home/lucky/.config/waybar/style.css may be Tailwind-related…
Checking if /home/lucky/.config/waybar/style.css may be Tailwind-related…
Checking if /home/lucky/.config/waybar/style.css may be Tailwind-related…
Checking if /home/lucky/.config/waybar/style.css may be Tailwind-related…
Checking if /home/lucky/.config/waybar/style.css may be Tailwind-related…
Checking if /home/lucky/.config/waybar/style.css may be Tailwind-related…
Checking if /home/lucky/.config/waybar/style.css may be Tailwind-related…
Checking if /home/lucky/.config/waybar/style.css may be Tailwind-related…
Checking if /home/lucky/.config/waybar/style.css may be Tailwind-related…
Checking if /home/lucky/.config/waybar/style.css may be Tailwind-related…
Checking if /home/lucky/.config/waybar/style.css may be Tailwind-related…
Checking if /home/lucky/.config/waybar/style.css may be Tailwind-related…
Checking if /home/lucky/.config/waybar/style.css may be Tailwind-related…
Checking if /home/lucky/.config/waybar/style.css may be Tailwind-related…
Checking if /home/lucky/.config/waybar/style.css may be Tailwind-related…
Checking if /home/lucky/.config/waybar/style.css may be Tailwind-related…
Checking if /home/lucky/.config/waybar/style.css may be Tailwind-related…
Checking if /home/lucky/.config/waybar/style.css may be Tailwind-related…
Checking if /home/lucky/.config/waybar/style.css may be Tailwind-related…
Checking if /home/lucky/.config/waybar/style.css may be Tailwind-related…
Booting server...
Setting up server…
Listening for messages…
Searching for Tailwind CSS projects in the workspace's folders.
{"tailwind":{"version":"4.1.18","features":["css-at-theme","layer:base","content-list","source-inline","source-not"],"isDefaultVersion":true},"path":"/home/lucky/.config/waybar/style.css"}
[Global] Creating projects: [{"folder":"/home/lucky/.config/waybar","config":"/home/lucky/.config/waybar/style.css","selectors":[{"pattern":"/home/lucky/.config/waybar/style.css","priority":0},{"pattern":"/home/lucky/.config/waybar/**","priority":2},{"pattern":"/home/lucky/.config/waybar/**","priority":5}],"user":false,"tailwind":{"version":"4.1.18","features":["css-at-theme","layer:base","content-list","source-inline","source-not"],"isDefaultVersion":true}}]
[Global] Preparing projects...
[Global] Initializing projects...
[style.css] Initializing...
[Global] Adding watch patterns: /home/lucky/.config/waybar/style.css, /home/lucky/.config/waybar
[style.css] Failed to load workspace modules.
[style.css] Using bundled version of `tailwindcss`: v4.1.18
[style.css] Building...
[Error - 17:07:15] Unable to load stylesheet: ../colors/colors.css Error: Can't resolve '../colors/colors.css' in '/home/lucky/.config/waybar'
    at H (/home/lucky/.vscode/extensions/bradlc.vscode-tailwindcss-0.16.0/dist/tailwindServer.js:130:7155)
    at /home/lucky/.vscode/extensions/bradlc.vscode-tailwindcss-0.16.0/dist/tailwindServer.js:131:713
    at /home/lucky/.vscode/extensions/bradlc.vscode-tailwindcss-0.16.0/dist/tailwindServer.js:134:405
    at eval (eval at create (/home/lucky/.vscode/extensions/bradlc.vscode-tailwindcss-0.16.0/dist/tailwindServer.js:5:78), <anonymous>:15:1)
    at /home/lucky/.vscode/extensions/bradlc.vscode-tailwindcss-0.16.0/dist/tailwindServer.js:134:405
    at eval (eval at create (/home/lucky/.vscode/extensions/bradlc.vscode-tailwindcss-0.16.0/dist/tailwindServer.js:5:78), <anonymous>:16:1)
    at /home/lucky/.vscode/extensions/bradlc.vscode-tailwindcss-0.16.0/dist/tailwindServer.js:134:405
    at eval (eval at create (/home/lucky/.vscode/extensions/bradlc.vscode-tailwindcss-0.16.0/dist/tailwindServer.js:5:78), <anonymous>:15:1)
    at /home/lucky/.vscode/extensions/bradlc.vscode-tailwindcss-0.16.0/dist/tailwindServer.js:134:405
    at eval (eval at create (/home/lucky/.vscode/extensions/bradlc.vscode-tailwindcss-0.16.0/dist/tailwindServer.js:5:78), <anonymous>:15:1) {
  details: "resolve '../colors/colors.css' in '/home/lucky/.config/waybar'\n" +
    '  No description file found in /home/lucky/.config/waybar or above\n' +
    '  No description file found in /home/lucky/.config/colors or above\n' +
    '  no extension\n' +
    "    /home/lucky/.config/colors/colors.css doesn't exist\n" +
    '  .css\n' +
    "    /home/lucky/.config/colors/colors.css.css doesn't exist\n" +
    '  as directory\n' +
    "    /home/lucky/.config/colors/colors.css doesn't exist"
}
[Global] Initialized 1 projects
---- RELOADING DESIGN SYSTEM ----
---- /home/lucky/.config/waybar/style.css ----
[Global] Adding watch patterns: /home/lucky/.config/waybar/colors/style.css
---- RELOADED IN 139.66ms ----
---- RELOADING DESIGN SYSTEM ----
---- /home/lucky/.config/waybar/style.css ----
---- RELOADED IN 159.48ms ----
---- RELOADING DESIGN SYSTEM ----
---- /home/lucky/.config/waybar/style.css ----
[Error - 17:09:22] Unable to load stylesheet: colors.css Error: Can't resolve 'colors.css' in '/home/lucky/.config/waybar'
    at H (/home/lucky/.vscode/extensions/bradlc.vscode-tailwindcss-0.16.0/dist/tailwindServer.js:130:7155)
    at /home/lucky/.vscode/extensions/bradlc.vscode-tailwindcss-0.16.0/dist/tailwindServer.js:131:713
    at /home/lucky/.vscode/extensions/bradlc.vscode-tailwindcss-0.16.0/dist/tailwindServer.js:134:405
    at eval (eval at create (/home/lucky/.vscode/extensions/bradlc.vscode-tailwindcss-0.16.0/dist/tailwindServer.js:5:78), <anonymous>:15:1)
    at /home/lucky/.vscode/extensions/bradlc.vscode-tailwindcss-0.16.0/dist/tailwindServer.js:134:405
    at eval (eval at create (/home/lucky/.vscode/extensions/bradlc.vscode-tailwindcss-0.16.0/dist/tailwindServer.js:5:78), <anonymous>:16:1)
    at /home/lucky/.vscode/extensions/bradlc.vscode-tailwindcss-0.16.0/dist/tailwindServer.js:134:405
    at eval (eval at create (/home/lucky/.vscode/extensions/bradlc.vscode-tailwindcss-0.16.0/dist/tailwindServer.js:5:78), <anonymous>:15:1)
    at /home/lucky/.vscode/extensions/bradlc.vscode-tailwindcss-0.16.0/dist/tailwindServer.js:134:405
    at eval (eval at create (/home/lucky/.vscode/extensions/bradlc.vscode-tailwindcss-0.16.0/dist/tailwindServer.js:5:78), <anonymous>:15:1) {
  details: "resolve 'colors.css' in '/home/lucky/.config/waybar'\n" +
    '  Parsed request is a module\n' +
    '  No description file found in /home/lucky/.config/waybar or above\n' +
    '  No description file found in /home/lucky/.config/waybar or above\n' +
    '  no extension\n' +
    "    /home/lucky/.config/waybar/colors.css doesn't exist\n" +
    '  .css\n' +
    "    /home/lucky/.config/waybar/colors.css.css doesn't exist\n" +
    '  as directory\n' +
    "    /home/lucky/.config/waybar/colors.css doesn't exist\n" +
    '  resolve as module\n' +
    "    /home/lucky/.config/waybar/node_modules doesn't exist or is not a directory\n" +
    "    /home/lucky/.config/node_modules doesn't exist or is not a directory\n" +
    "    /home/lucky/node_modules doesn't exist or is not a directory\n" +
    "    /home/node_modules doesn't exist or is not a directory\n" +
    "    /node_modules doesn't exist or is not a directory"
}
---- RELOADED IN 65.64ms ----
---- RELOADING DESIGN SYSTEM ----
---- /home/lucky/.config/waybar/style.css ----
---- RELOADED IN 63.49ms ----
---- RELOADING DESIGN SYSTEM ----
---- /home/lucky/.config/waybar/style.css ----
---- RELOADED IN 96.44ms ----
---- RELOADING DESIGN SYSTEM ----
---- /home/lucky/.config/waybar/style.css ----
---- RELOADED IN 77.71ms ----
---- RELOADING DESIGN SYSTEM ----
---- /home/lucky/.config/waybar/style.css ----
---- RELOADED IN 97.72ms ----
---- RELOADING DESIGN SYSTEM ----
---- /home/lucky/.config/waybar/style.css ----
[Error - 17:09:56] Unable to load stylesheet: ../colors/colors.css Error: Can't resolve '../colors/colors.css' in '/home/lucky/.config/waybar'
    at H (/home/lucky/.vscode/extensions/bradlc.vscode-tailwindcss-0.16.0/dist/tailwindServer.js:130:7155)
    at /home/lucky/.vscode/extensions/bradlc.vscode-tailwindcss-0.16.0/dist/tailwindServer.js:131:713
    at /home/lucky/.vscode/extensions/bradlc.vscode-tailwindcss-0.16.0/dist/tailwindServer.js:134:405
    at eval (eval at create (/home/lucky/.vscode/extensions/bradlc.vscode-tailwindcss-0.16.0/dist/tailwindServer.js:5:78), <anonymous>:15:1)
    at /home/lucky/.vscode/extensions/bradlc.vscode-tailwindcss-0.16.0/dist/tailwindServer.js:134:405
    at eval (eval at create (/home/lucky/.vscode/extensions/bradlc.vscode-tailwindcss-0.16.0/dist/tailwindServer.js:5:78), <anonymous>:16:1)
    at /home/lucky/.vscode/extensions/bradlc.vscode-tailwindcss-0.16.0/dist/tailwindServer.js:134:405
    at eval (eval at create (/home/lucky/.vscode/extensions/bradlc.vscode-tailwindcss-0.16.0/dist/tailwindServer.js:5:78), <anonymous>:15:1)
    at /home/lucky/.vscode/extensions/bradlc.vscode-tailwindcss-0.16.0/dist/tailwindServer.js:134:405
    at eval (eval at create (/home/lucky/.vscode/extensions/bradlc.vscode-tailwindcss-0.16.0/dist/tailwindServer.js:5:78), <anonymous>:15:1) {
  details: "resolve '../colors/colors.css' in '/home/lucky/.config/waybar'\n" +
    '  No description file found in /home/lucky/.config/waybar or above\n' +
    '  No description file found in /home/lucky/.config/colors or above\n' +
    '  no extension\n' +
    "    /home/lucky/.config/colors/colors.css doesn't exist\n" +
    '  .css\n' +
    "    /home/lucky/.config/colors/colors.css.css doesn't exist\n" +
    '  as directory\n' +
    "    /home/lucky/.config/colors/colors.css doesn't exist"
}
---- RELOADED IN 87.24ms ----
---- RELOADING DESIGN SYSTEM ----
---- /home/lucky/.config/waybar/style.css ----
[Error - 17:10:08] Unable to load stylesheet: ../colors/colors.css Error: Can't resolve '../colors/colors.css' in '/home/lucky/.config/waybar'
    at H (/home/lucky/.vscode/extensions/bradlc.vscode-tailwindcss-0.16.0/dist/tailwindServer.js:130:7155)
    at /home/lucky/.vscode/extensions/bradlc.vscode-tailwindcss-0.16.0/dist/tailwindServer.js:131:713
    at /home/lucky/.vscode/extensions/bradlc.vscode-tailwindcss-0.16.0/dist/tailwindServer.js:134:405
    at eval (eval at create (/home/lucky/.vscode/extensions/bradlc.vscode-tailwindcss-0.16.0/dist/tailwindServer.js:5:78), <anonymous>:15:1)
    at /home/lucky/.vscode/extensions/bradlc.vscode-tailwindcss-0.16.0/dist/tailwindServer.js:134:405
    at eval (eval at create (/home/lucky/.vscode/extensions/bradlc.vscode-tailwindcss-0.16.0/dist/tailwindServer.js:5:78), <anonymous>:16:1)
    at /home/lucky/.vscode/extensions/bradlc.vscode-tailwindcss-0.16.0/dist/tailwindServer.js:134:405
    at eval (eval at create (/home/lucky/.vscode/extensions/bradlc.vscode-tailwindcss-0.16.0/dist/tailwindServer.js:5:78), <anonymous>:15:1)
    at /home/lucky/.vscode/extensions/bradlc.vscode-tailwindcss-0.16.0/dist/tailwindServer.js:134:405
    at eval (eval at create (/home/lucky/.vscode/extensions/bradlc.vscode-tailwindcss-0.16.0/dist/tailwindServer.js:5:78), <anonymous>:15:1) {
  details: "resolve '../colors/colors.css' in '/home/lucky/.config/waybar'\n" +
    '  No description file found in /home/lucky/.config/waybar or above\n' +
    '  No description file found in /home/lucky/.config/colors or above\n' +
    '  no extension\n' +
    "    /home/lucky/.config/colors/colors.css doesn't exist\n" +
    '  .css\n' +
    "    /home/lucky/.config/colors/colors.css.css doesn't exist\n" +
    '  as directory\n' +
    "    /home/lucky/.config/colors/colors.css doesn't exist"
}
---- RELOADED IN 45.24ms ----
---- RELOADING DESIGN SYSTEM ----
---- /home/lucky/.config/waybar/style.css ----
[Global] Adding watch patterns: /home/lucky/.config/waybar/colors/colors.css
---- RELOADED IN 100.73ms ----
---- RELOADING DESIGN SYSTEM ----
---- /home/lucky/.config/waybar/style.css ----
---- RELOADED IN 115.15ms ----
---- RELOADING DESIGN SYSTEM ----
---- /home/lucky/.config/waybar/style.css ----
---- RELOADED IN 93.11ms ----
---- RELOADING DESIGN SYSTEM ----
---- /home/lucky/.config/waybar/style.css ----
---- RELOADED IN 178.47ms ----
---- RELOADING DESIGN SYSTEM ----
---- /home/lucky/.config/waybar/style.css ----
---- RELOADED IN 101.00ms ----
---- RELOADING DESIGN SYSTEM ----
---- /home/lucky/.config/waybar/style.css ----
---- RELOADED IN 214.92ms ----
---- RELOADING DESIGN SYSTEM ----
---- /home/lucky/.config/waybar/style.css ----
---- RELOADED IN 89.65ms ----
---- RELOADING DESIGN SYSTEM ----
---- /home/lucky/.config/waybar/style.css ----
---- RELOADED IN 110.05ms ----
---- RELOADING DESIGN SYSTEM ----
---- /home/lucky/.config/waybar/style.css ----
---- RELOADED IN 96.77ms ----
---- RELOADING DESIGN SYSTEM ----
---- /home/lucky/.config/waybar/style.css ----
---- RELOADED IN 70.06ms ----
---- RELOADING DESIGN SYSTEM ----
---- /home/lucky/.config/waybar/style.css ----
---- RELOADED IN 84.34ms ----
---- RELOADING DESIGN SYSTEM ----
---- /home/lucky/.config/waybar/style.css ----
---- RELOADED IN 82.01ms ----
---- RELOADING DESIGN SYSTEM ----
---- /home/lucky/.config/waybar/style.css ----
---- RELOADED IN 61.54ms ----
---- RELOADING DESIGN SYSTEM ----
---- /home/lucky/.config/waybar/style.css ----
---- RELOADED IN 78.81ms ----
---- RELOADING DESIGN SYSTEM ----
---- /home/lucky/.config/waybar/style.css ----
---- RELOADED IN 64.54ms ----
---- RELOADING DESIGN SYSTEM ----
---- /home/lucky/.config/waybar/style.css ----
---- RELOADED IN 67.64ms ----
---- RELOADING DESIGN SYSTEM ----
---- /home/lucky/.config/waybar/style.css ----
---- RELOADED IN 99.00ms ----
---- RELOADING DESIGN SYSTEM ----
---- /home/lucky/.config/waybar/style.css ----
---- RELOADED IN 91.05ms ----
---- RELOADING DESIGN SYSTEM ----
---- /home/lucky/.config/waybar/style.css ----
---- RELOADED IN 42.80ms ----
---- RELOADING DESIGN SYSTEM ----
---- /home/lucky/.config/waybar/style.css ----
---- RELOADED IN 84.30ms ----
---- RELOADING DESIGN SYSTEM ----
---- /home/lucky/.config/waybar/style.css ----
---- RELOADED IN 41.09ms ----
---- RELOADING DESIGN SYSTEM ----
---- /home/lucky/.config/waybar/style.css ----
---- RELOADED IN 85.71ms ----
---- RELOADING DESIGN SYSTEM ----
---- /home/lucky/.config/waybar/style.css ----
---- RELOADED IN 46.91ms ----
---- RELOADING DESIGN SYSTEM ----
---- /home/lucky/.config/waybar/style.css ----
---- RELOADED IN 92.76ms ----
---- RELOADING DESIGN SYSTEM ----
---- /home/lucky/.config/waybar/style.css ----
---- RELOADED IN 84.87ms ----
