2026-09-20 00:47:18.942 [info] [main] Log level: Info
2026-09-20 00:47:18.942 [info] [main] Validating found git in: "git"
2026-09-20 00:47:18.942 [info] [main] Using git "2.55.0" from "git"
2026-09-20 00:47:18.942 [info] [Model][doInitialScan] Initial repository scan started
2026-09-20 00:47:18.942 [info] > git rev-parse --show-toplevel [1731ms]
2026-09-20 00:47:18.942 [info] fatal: not a git repository (or any parent up to mount point /)
Stopping at filesystem boundary (GIT_DISCOVERY_ACROSS_FILESYSTEM not set).
2026-09-20 00:47:18.989 [info] > git rev-parse --show-toplevel [319ms]
2026-09-20 00:47:18.989 [info] fatal: not a git repository (or any parent up to mount point /)
Stopping at filesystem boundary (GIT_DISCOVERY_ACROSS_FILESYSTEM not set).
2026-09-20 00:47:18.991 [info] [Model][doInitialScan] Initial repository scan completed - repositories (0), closed repositories (0), parent repositories (0), unsafe repositories (0)
2026-09-20 00:47:19.421 [info] > git rev-parse --show-toplevel [395ms]
2026-09-20 00:47:19.421 [info] fatal: not a git repository (or any parent up to mount point /)
Stopping at filesystem boundary (GIT_DISCOVERY_ACROSS_FILESYSTEM not set).
2026-09-20 00:47:19.539 [info] > git rev-parse --show-toplevel [71ms]
2026-09-20 00:47:19.539 [info] fatal: not a git repository (or any parent up to mount point /)
Stopping at filesystem boundary (GIT_DISCOVERY_ACROSS_FILESYSTEM not set).
2026-09-20 00:47:19.570 [info] > git rev-parse --show-toplevel [14ms]
2026-09-20 00:47:19.570 [info] fatal: not a git repository (or any parent up to mount point /)
Stopping at filesystem boundary (GIT_DISCOVERY_ACROSS_FILESYSTEM not set).
2026-09-20 00:47:19.616 [info] > git rev-parse --show-toplevel [10ms]
2026-09-20 00:47:19.616 [info] fatal: not a git repository (or any parent up to mount point /)
Stopping at filesystem boundary (GIT_DISCOVERY_ACROSS_FILESYSTEM not set).
2026-09-20 00:47:19.640 [info] > git rev-parse --show-toplevel [13ms]
2026-09-20 00:47:19.640 [info] fatal: not a git repository (or any parent up to mount point /)
Stopping at filesystem boundary (GIT_DISCOVERY_ACROSS_FILESYSTEM not set).
2026-09-20 00:47:19.757 [info] > git rev-parse --show-toplevel [7ms]
2026-09-20 00:47:19.757 [info] fatal: not a git repository (or any parent up to mount point /)
Stopping at filesystem boundary (GIT_DISCOVERY_ACROSS_FILESYSTEM not set).
2026-09-20 00:47:20.359 [info] > git rev-parse --show-toplevel [6ms]
2026-09-20 00:47:20.359 [info] fatal: not a git repository (or any parent up to mount point /)
Stopping at filesystem boundary (GIT_DISCOVERY_ACROSS_FILESYSTEM not set).
2026-09-20 00:47:20.913 [info] > git rev-parse --show-toplevel [25ms]
2026-09-20 00:47:20.913 [info] fatal: not a git repository (or any parent up to mount point /)
Stopping at filesystem boundary (GIT_DISCOVERY_ACROSS_FILESYSTEM not set).
2026-09-20 00:54:49.195 [info] > git rev-parse --show-toplevel [7ms]
2026-09-20 00:54:49.195 [info] fatal: not a git repository (or any parent up to mount point /)
Stopping at filesystem boundary (GIT_DISCOVERY_ACROSS_FILESYSTEM not set).
2026-09-20 00:58:43.753 [info] > git rev-parse --show-toplevel [7ms]
2026-09-20 00:58:43.753 [info] fatal: not a git repository (or any parent up to mount point /)
Stopping at filesystem boundary (GIT_DISCOVERY_ACROSS_FILESYSTEM not set).
2026-09-20 00:58:51.741 [info] > git rev-parse --show-toplevel [3ms]
2026-09-20 00:58:51.741 [info] fatal: not a git repository (or any parent up to mount point /)
Stopping at filesystem boundary (GIT_DISCOVERY_ACROSS_FILESYSTEM not set).
2026-09-20 00:59:13.937 [info] > git rev-parse --show-toplevel [2ms]
2026-09-20 00:59:13.937 [info] fatal: not a git repository (or any parent up to mount point /)
Stopping at filesystem boundary (GIT_DISCOVERY_ACROSS_FILESYSTEM not set).
2026-09-20 01:03:05.248 [info] > git rev-parse --show-toplevel [3ms]
2026-09-20 01:03:05.248 [info] fatal: not a git repository (or any parent up to mount point /)
Stopping at filesystem boundary (GIT_DISCOVERY_ACROSS_FILESYSTEM not set).
2026-09-20 01:05:34.898 [info] > git rev-parse --show-toplevel [5ms]
2026-09-20 01:05:34.898 [info] fatal: not a git repository (or any parent up to mount point /)
Stopping at filesystem boundary (GIT_DISCOVERY_ACROSS_FILESYSTEM not set).
2026-09-20 01:21:37.635 [info] > git rev-parse --show-toplevel [3ms]
2026-09-20 01:21:37.635 [info] fatal: not a git repository (or any parent up to mount point /)
Stopping at filesystem boundary (GIT_DISCOVERY_ACROSS_FILESYSTEM not set).
2026-09-20 01:21:58.705 [info] > git rev-parse --show-toplevel [4ms]
2026-09-20 01:21:58.705 [info] fatal: not a git repository (or any parent up to mount point /)
Stopping at filesystem boundary (GIT_DISCOVERY_ACROSS_FILESYSTEM not set).
2026-09-20 01:22:02.789 [info] > git rev-parse --show-toplevel [2ms]
2026-09-20 01:22:02.789 [info] fatal: not a git repository (or any parent up to mount point /)
Stopping at filesystem boundary (GIT_DISCOVERY_ACROSS_FILESYSTEM not set).
2026-09-20 01:22:05.916 [info] > git rev-parse --show-toplevel [8ms]
2026-09-20 01:22:05.917 [info] fatal: not a git repository (or any parent up to mount point /)
Stopping at filesystem boundary (GIT_DISCOVERY_ACROSS_FILESYSTEM not set).
2026-09-20 01:22:13.244 [info] > git rev-parse --show-toplevel [4ms]
2026-09-20 01:22:13.244 [info] fatal: not a git repository (or any parent up to mount point /)
Stopping at filesystem boundary (GIT_DISCOVERY_ACROSS_FILESYSTEM not set).
2026-09-20 01:22:16.506 [info] > git rev-parse --show-toplevel [5ms]
2026-09-20 01:22:16.506 [info] fatal: not a git repository (or any parent up to mount point /)
Stopping at filesystem boundary (GIT_DISCOVERY_ACROSS_FILESYSTEM not set).
2026-09-20 01:22:25.500 [info] > git rev-parse --show-toplevel [4ms]
2026-09-20 01:22:25.500 [info] fatal: not a git repository (or any parent up to mount point /)
Stopping at filesystem boundary (GIT_DISCOVERY_ACROSS_FILESYSTEM not set).
2026-09-20 01:24:23.213 [info] > git rev-parse --show-toplevel [6ms]
2026-09-20 01:24:23.213 [info] fatal: not a git repository (or any parent up to mount point /)
Stopping at filesystem boundary (GIT_DISCOVERY_ACROSS_FILESYSTEM not set).
2026-09-20 01:24:27.355 [info] > git rev-parse --show-toplevel [6ms]
2026-09-20 01:24:27.355 [info] fatal: not a git repository (or any parent up to mount point /)
Stopping at filesystem boundary (GIT_DISCOVERY_ACROSS_FILESYSTEM not set).
2026-09-20 01:36:59.381 [info] > git rev-parse --show-toplevel [9ms]
2026-09-20 01:36:59.381 [info] fatal: not a git repository (or any parent up to mount point /)
Stopping at filesystem boundary (GIT_DISCOVERY_ACROSS_FILESYSTEM not set).
2026-09-20 01:41:56.423 [info] > git rev-parse --show-toplevel [6ms]
2026-09-20 01:41:56.423 [info] fatal: not a git repository (or any parent up to mount point /)
Stopping at filesystem boundary (GIT_DISCOVERY_ACROSS_FILESYSTEM not set).
2026-09-20 01:41:58.403 [info] > git rev-parse --show-toplevel [6ms]
2026-09-20 01:41:58.403 [info] fatal: not a git repository (or any parent up to mount point /)
Stopping at filesystem boundary (GIT_DISCOVERY_ACROSS_FILESYSTEM not set).
2026-09-20 01:42:07.338 [info] > git rev-parse --show-toplevel [4ms]
2026-09-20 01:42:07.338 [info] fatal: not a git repository (or any parent up to mount point /)
Stopping at filesystem boundary (GIT_DISCOVERY_ACROSS_FILESYSTEM not set).
2026-09-20 01:42:26.075 [info] > git rev-parse --show-toplevel [4ms]
2026-09-20 01:42:26.075 [info] fatal: not a git repository (or any parent up to mount point /)
Stopping at filesystem boundary (GIT_DISCOVERY_ACROSS_FILESYSTEM not set).
2026-09-20 01:42:33.274 [info] > git rev-parse --show-toplevel [7ms]
2026-09-20 01:42:33.274 [info] fatal: not a git repository (or any parent up to mount point /)
Stopping at filesystem boundary (GIT_DISCOVERY_ACROSS_FILESYSTEM not set).
