2026-09-20 00:47:15.623 [info] Reading sessions from keychain...
2026-09-20 00:47:15.623 [info] Getting sessions for all scopes...
2026-09-20 00:47:15.623 [info] Got 0 sessions for all scopes...
2026-09-20 00:47:15.623 [info] Getting sessions for all scopes...
2026-09-20 00:47:15.623 [info] Got 0 sessions for all scopes...
2026-09-20 00:47:15.623 [info] Getting sessions for all scopes...
2026-09-20 00:47:15.623 [info] Got 0 sessions for all scopes...
2026-09-20 00:47:15.623 [info] Getting sessions for all scopes...
2026-09-20 00:47:15.623 [info] Got 0 sessions for all scopes...
2026-09-20 00:47:15.623 [info] Getting sessions for all scopes...
2026-09-20 00:47:15.623 [info] Got 0 sessions for all scopes...
2026-09-20 00:47:15.697 [info] Getting sessions for all scopes...
2026-09-20 00:47:15.698 [info] Got 0 sessions for all scopes...
2026-09-20 00:47:17.382 [info] Getting sessions for all scopes...
2026-09-20 00:47:17.382 [info] Got 0 sessions for all scopes...
2026-09-20 00:47:17.385 [info] Getting sessions for read:user,user:email...
2026-09-20 00:47:17.385 [info] Got 0 sessions for read:user,user:email...
2026-09-20 00:47:18.512 [info] Getting sessions for all scopes...
2026-09-20 00:47:18.512 [info] Got 0 sessions for all scopes...
2026-09-20 00:47:18.925 [info] Getting sessions for repo...
2026-09-20 00:47:18.925 [info] Got 0 sessions for repo...
2026-09-20 00:47:18.981 [info] Getting sessions for read:user,repo,user:email,workflow...
2026-09-20 00:47:18.981 [info] Got 0 sessions for read:user,repo,user:email,workflow...
2026-09-20 00:47:18.981 [info] Getting sessions for all scopes...
2026-09-20 00:47:18.981 [info] Got 0 sessions for all scopes...
2026-09-20 00:47:19.273 [info] Getting sessions for read:user,user:email...
2026-09-20 00:47:19.273 [info] Got 0 sessions for read:user,user:email...
2026-09-20 00:47:19.614 [info] Getting sessions for all scopes...
2026-09-20 00:47:19.614 [info] Got 0 sessions for all scopes...
2026-09-20 00:47:19.628 [info] Getting sessions for read:user,repo,user:email...
2026-09-20 00:47:19.628 [info] Got 0 sessions for read:user,repo,user:email...
2026-09-20 00:47:19.628 [info] Getting sessions for repo...
2026-09-20 00:47:19.628 [info] Got 0 sessions for repo...
2026-09-20 00:47:19.649 [info] Getting sessions for all scopes...
2026-09-20 00:47:19.649 [info] Got 0 sessions for all scopes...
2026-09-20 00:47:19.916 [info] Getting sessions for project,read:org,read:user,repo,user:email,workflow...
2026-09-20 00:47:19.916 [info] Got 0 sessions for project,read:org,read:user,repo,user:email,workflow...
2026-09-20 00:47:20.009 [info] Getting sessions for read:user,repo,user:email,workflow...
2026-09-20 00:47:20.009 [info] Got 0 sessions for read:user,repo,user:email,workflow...
2026-09-20 00:47:21.412 [info] Getting sessions for all scopes...
2026-09-20 00:47:21.412 [info] Got 0 sessions for all scopes...
