2026-09-20 20:47:33.702 [info] Reading sessions from keychain...
2026-09-20 20:47:33.702 [info] Getting sessions for all scopes...
2026-09-20 20:47:33.914 [info] Got 0 sessions for all scopes...
2026-09-20 20:47:33.915 [info] Getting sessions for all scopes...
2026-09-20 20:47:33.915 [info] Got 0 sessions for all scopes...
2026-09-20 20:47:33.915 [info] Getting sessions for all scopes...
2026-09-20 20:47:33.915 [info] Got 0 sessions for all scopes...
2026-09-20 20:47:33.915 [info] Getting sessions for all scopes...
2026-09-20 20:47:33.915 [info] Got 0 sessions for all scopes...
2026-09-20 20:47:33.916 [info] Getting sessions for all scopes...
2026-09-20 20:47:33.916 [info] Got 0 sessions for all scopes...
2026-09-20 20:47:33.916 [info] Getting sessions for all scopes...
2026-09-20 20:47:33.916 [info] Got 0 sessions for all scopes...
2026-09-20 20:47:34.131 [info] Getting sessions for all scopes...
2026-09-20 20:47:34.131 [info] Got 0 sessions for all scopes...
2026-09-20 20:47:36.635 [info] Getting sessions for read:user,user:email...
2026-09-20 20:47:36.636 [info] Got 0 sessions for read:user,user:email...
2026-09-20 20:47:37.061 [info] Getting sessions for all scopes...
2026-09-20 20:47:37.061 [info] Got 0 sessions for all scopes...
2026-09-20 20:47:37.554 [info] Getting sessions for read:user,repo,user:email,workflow...
2026-09-20 20:47:37.555 [info] Got 0 sessions for read:user,repo,user:email,workflow...
2026-09-20 20:47:37.555 [info] Getting sessions for repo...
2026-09-20 20:47:37.555 [info] Got 0 sessions for repo...
2026-09-20 20:47:37.697 [info] Getting sessions for all scopes...
2026-09-20 20:47:37.697 [info] Got 0 sessions for all scopes...
2026-09-20 20:47:37.807 [info] Getting sessions for read:user,user:email...
2026-09-20 20:47:37.807 [info] Got 0 sessions for read:user,user:email...
2026-09-20 20:47:37.841 [info] Getting sessions for read:user,repo,user:email...
2026-09-20 20:47:37.841 [info] Got 0 sessions for read:user,repo,user:email...
2026-09-20 20:47:37.841 [info] Getting sessions for all scopes...
2026-09-20 20:47:37.841 [info] Got 0 sessions for all scopes...
2026-09-20 20:47:37.869 [info] Getting sessions for repo...
2026-09-20 20:47:37.869 [info] Got 0 sessions for repo...
2026-09-20 20:47:37.881 [info] Getting sessions for all scopes...
2026-09-20 20:47:37.881 [info] Got 0 sessions for all scopes...
2026-09-20 20:47:37.904 [info] Getting sessions for project,read:org,read:user,repo,user:email,workflow...
2026-09-20 20:47:37.904 [info] Got 0 sessions for project,read:org,read:user,repo,user:email,workflow...
2026-09-20 20:47:38.104 [info] Getting sessions for read:user,repo,user:email,workflow...
2026-09-20 20:47:38.104 [info] Got 0 sessions for read:user,repo,user:email,workflow...
2026-09-20 20:47:41.844 [info] Getting sessions for all scopes...
2026-09-20 20:47:41.844 [info] Got 0 sessions for all scopes...
