2026-09-20 18:05:00.481 [info] Reading sessions from keychain...
2026-09-20 18:05:00.481 [info] Getting sessions for all scopes...
2026-09-20 18:05:00.481 [info] Got 0 sessions for all scopes...
2026-09-20 18:05:00.481 [info] Getting sessions for all scopes...
2026-09-20 18:05:00.481 [info] Got 0 sessions for all scopes...
2026-09-20 18:05:00.481 [info] Getting sessions for all scopes...
2026-09-20 18:05:00.481 [info] Got 0 sessions for all scopes...
2026-09-20 18:05:00.481 [info] Getting sessions for all scopes...
2026-09-20 18:05:00.481 [info] Got 0 sessions for all scopes...
2026-09-20 18:05:00.481 [info] Getting sessions for all scopes...
2026-09-20 18:05:00.481 [info] Got 0 sessions for all scopes...
2026-09-20 18:05:00.481 [info] Getting sessions for all scopes...
2026-09-20 18:05:00.481 [info] Got 0 sessions for all scopes...
2026-09-20 18:05:02.883 [info] Getting sessions for read:user,user:email...
2026-09-20 18:05:02.883 [info] Got 0 sessions for read:user,user:email...
2026-09-20 18:05:03.911 [info] Getting sessions for all scopes...
2026-09-20 18:05:03.911 [info] Got 0 sessions for all scopes...
2026-09-20 18:05:04.223 [info] Getting sessions for repo...
2026-09-20 18:05:04.224 [info] Got 0 sessions for repo...
2026-09-20 18:05:04.417 [info] Getting sessions for read:user,repo,user:email,workflow...
2026-09-20 18:05:04.417 [info] Got 0 sessions for read:user,repo,user:email,workflow...
2026-09-20 18:05:04.815 [info] Getting sessions for all scopes...
2026-09-20 18:05:04.815 [info] Got 0 sessions for all scopes...
2026-09-20 18:05:04.886 [info] Getting sessions for read:user,user:email...
2026-09-20 18:05:04.886 [info] Got 0 sessions for read:user,user:email...
2026-09-20 18:05:04.888 [info] Getting sessions for all scopes...
2026-09-20 18:05:04.888 [info] Got 0 sessions for all scopes...
2026-09-20 18:05:04.888 [info] Getting sessions for read:user,repo,user:email...
2026-09-20 18:05:04.888 [info] Got 0 sessions for read:user,repo,user:email...
2026-09-20 18:05:04.891 [info] Getting sessions for repo...
2026-09-20 18:05:04.891 [info] Got 0 sessions for repo...
2026-09-20 18:05:04.949 [info] Getting sessions for all scopes...
2026-09-20 18:05:04.949 [info] Got 0 sessions for all scopes...
2026-09-20 18:05:04.961 [info] Getting sessions for project,read:org,read:user,repo,user:email,workflow...
2026-09-20 18:05:04.961 [info] Got 0 sessions for project,read:org,read:user,repo,user:email,workflow...
2026-09-20 18:05:05.149 [info] Getting sessions for read:user,repo,user:email,workflow...
2026-09-20 18:05:05.149 [info] Got 0 sessions for read:user,repo,user:email,workflow...
2026-09-20 18:05:06.850 [info] Getting sessions for all scopes...
2026-09-20 18:05:06.850 [info] Got 0 sessions for all scopes...
